[    0.000000] Initializing cgroup subsys cpuset
[    0.000000] Initializing cgroup subsys cpu
[    0.000000] Initializing cgroup subsys cpuacct
[    0.000000] Linux version 4.4.0-87-generic (buildd@lcy01-31) (gcc version 5.4.0 20160609 (Ubuntu 5.4.0-6ubuntu1~16.04.4) ) #110-Ubuntu SMP Tue Jul 18 12:55:35 UTC 2017 (Ubuntu 4.4.0-87.110-generic 4.4.73)
[    0.000000] Command line: BOOT_IMAGE=/boot/vmlinuz-4.4.0-87-generic root=LABEL=cloudimg-rootfs ro console=tty1 console=ttyS0
[    0.000000] KERNEL supported cpus:
[    0.000000]   Intel GenuineIntel
[    0.000000]   AMD AuthenticAMD
[    0.000000]   Centaur CentaurHauls
[    0.000000] x86/fpu: xstate_offset[2]:  576, xstate_sizes[2]:  256
[    0.000000] x86/fpu: Supporting XSAVE feature 0x01: 'x87 floating point registers'
[    0.000000] x86/fpu: Supporting XSAVE feature 0x02: 'SSE registers'
[    0.000000] x86/fpu: Supporting XSAVE feature 0x04: 'AVX registers'
[    0.000000] x86/fpu: Enabled xstate features 0x7, context size is 832 bytes, using 'standard' format.
[    0.000000] x86/fpu: Using 'lazy' FPU context switches.
[    0.000000] e820: BIOS-provided physical RAM map:
[    0.000000] BIOS-e820: [mem 0x0000000000000000-0x000000000009fbff] usable
[    0.000000] BIOS-e820: [mem 0x000000000009fc00-0x000000000009ffff] reserved
[    0.000000] BIOS-e820: [mem 0x00000000000f0000-0x00000000000fffff] reserved
[    0.000000] BIOS-e820: [mem 0x0000000000100000-0x000000003ffeffff] usable
[    0.000000] BIOS-e820: [mem 0x000000003fff0000-0x000000003fffffff] ACPI data
[    0.000000] BIOS-e820: [mem 0x00000000fec00000-0x00000000fec00fff] reserved
[    0.000000] BIOS-e820: [mem 0x00000000fee00000-0x00000000fee00fff] reserved
[    0.000000] BIOS-e820: [mem 0x00000000fffc0000-0x00000000ffffffff] reserved
[    0.000000] NX (Execute Disable) protection: active
[    0.000000] SMBIOS 2.5 present.
[    0.000000] Hypervisor detected: KVM
[    0.000000] e820: last_pfn = 0x3fff0 max_arch_pfn = 0x400000000
[    0.000000] MTRR: Disabled
[    0.000000] x86/PAT: MTRRs disabled, skipping PAT initialization too.
[    0.000000] x86/PAT: Configuration [0-7]: WB  WT  UC- UC  WB  WT  UC- UC  
[    0.000000] CPU MTRRs all blank - virtualized system.
[    0.000000] found SMP MP-table at [mem 0x0009fff0-0x0009ffff] mapped at [ffff88000009fff0]
[    0.000000] Scanning 1 areas for low memory corruption
[    0.000000] RAMDISK: [mem 0x36ac6000-0x3755afff]
[    0.000000] ACPI: Early table checksum verification disabled
[    0.000000] ACPI: RSDP 0x00000000000E0000 000024 (v02 VBOX  )
[    0.000000] ACPI: XSDT 0x000000003FFF0030 00003C (v01 VBOX   VBOXXSDT 00000001 ASL  00000061)
[    0.000000] ACPI: FACP 0x000000003FFF00F0 0000F4 (v04 VBOX   VBOXFACP 00000001 ASL  00000061)
[    0.000000] ACPI: DSDT 0x000000003FFF0470 0021C8 (v02 VBOX   VBOXBIOS 00000002 INTL 20100528)
[    0.000000] ACPI: FACS 0x000000003FFF0200 000040
[    0.000000] ACPI: FACS 0x000000003FFF0200 000040
[    0.000000] ACPI: APIC 0x000000003FFF0240 00005C (v02 VBOX   VBOXAPIC 00000001 ASL  00000061)
[    0.000000] ACPI: SSDT 0x000000003FFF02A0 0001CC (v01 VBOX   VBOXCPUT 00000002 INTL 20100528)
[    0.000000] No NUMA configuration found
[    0.000000] Faking a node at [mem 0x0000000000000000-0x000000003ffeffff]
[    0.000000] NODE_DATA(0) allocated [mem 0x3ffeb000-0x3ffeffff]
[    0.000000] kvm-clock: Using msrs 4b564d01 and 4b564d00
[    0.000000] kvm-clock: cpu 0, msr 0:3ffe3001, primary cpu clock
[    0.000000] kvm-clock: using sched offset of 4579622461 cycles
[    0.000000] clocksource: kvm-clock: mask: 0xffffffffffffffff max_cycles: 0x1cd42e4dffb, max_idle_ns: 881590591483 ns
[    0.000000] Zone ranges:
[    0.000000]   DMA      [mem 0x0000000000001000-0x0000000000ffffff]
[    0.000000]   DMA32    [mem 0x0000000001000000-0x000000003ffeffff]
[    0.000000]   Normal   empty
[    0.000000]   Device   empty
[    0.000000] Movable zone start for each node
[    0.000000] Early memory node ranges
[    0.000000]   node   0: [mem 0x0000000000001000-0x000000000009efff]
[    0.000000]   node   0: [mem 0x0000000000100000-0x000000003ffeffff]
[    0.000000] Initmem setup node 0 [mem 0x0000000000001000-0x000000003ffeffff]
[    0.000000] ACPI: PM-Timer IO Port: 0x4008
[    0.000000] IOAPIC[0]: apic_id 2, version 32, address 0xfec00000, GSI 0-23
[    0.000000] ACPI: INT_SRC_OVR (bus 0 bus_irq 0 global_irq 2 dfl dfl)
[    0.000000] ACPI: INT_SRC_OVR (bus 0 bus_irq 9 global_irq 9 high level)
[    0.000000] Using ACPI (MADT) for SMP configuration information
[    0.000000] smpboot: Allowing 2 CPUs, 0 hotplug CPUs
[    0.000000] PM: Registered nosave memory: [mem 0x00000000-0x00000fff]
[    0.000000] PM: Registered nosave memory: [mem 0x0009f000-0x0009ffff]
[    0.000000] PM: Registered nosave memory: [mem 0x000a0000-0x000effff]
[    0.000000] PM: Registered nosave memory: [mem 0x000f0000-0x000fffff]
[    0.000000] e820: [mem 0x40000000-0xfebfffff] available for PCI devices
[    0.000000] Booting paravirtualized kernel on KVM
[    0.000000] clocksource: refined-jiffies: mask: 0xffffffff max_cycles: 0xffffffff, max_idle_ns: 7645519600211568 ns
[    0.000000] setup_percpu: NR_CPUS:512 nr_cpumask_bits:512 nr_cpu_ids:2 nr_node_ids:1
[    0.000000] PERCPU: Embedded 33 pages/cpu @ffff88003fc00000 s98264 r8192 d28712 u1048576
[    0.000000] PV qspinlock hash table entries: 256 (order: 0, 4096 bytes)
[    0.000000] Built 1 zonelists in Node order, mobility grouping on.  Total pages: 257913
[    0.000000] Policy zone: DMA32
[    0.000000] Kernel command line: BOOT_IMAGE=/boot/vmlinuz-4.4.0-87-generic root=LABEL=cloudimg-rootfs ro console=tty1 console=ttyS0
[    0.000000] PID hash table entries: 4096 (order: 3, 32768 bytes)
[    0.000000] Memory: 1001740K/1048120K available (8474K kernel code, 1293K rwdata, 3984K rodata, 1488K init, 1316K bss, 46380K reserved, 0K cma-reserved)
[    0.000000] SLUB: HWalign=64, Order=0-3, MinObjects=0, CPUs=2, Nodes=1
[    0.000000] Hierarchical RCU implementation.
[    0.000000] 	Build-time adjustment of leaf fanout to 64.
[    0.000000] 	RCU restricting CPUs from NR_CPUS=512 to nr_cpu_ids=2.
[    0.000000] RCU: Adjusting geometry for rcu_fanout_leaf=64, nr_cpu_ids=2
[    0.000000] NR_IRQS:33024 nr_irqs:440 16
[    0.000000] Console: colour VGA+ 80x25
[    0.000000] console [tty1] enabled
[    0.000000] console [ttyS0] enabled
[    0.000000] tsc: Detected 1599.999 MHz processor
[    1.715256] Calibrating delay loop (skipped) preset value.. 3199.99 BogoMIPS (lpj=6399996)
[    1.735397] pid_max: default: 32768 minimum: 301
[    1.747032] ACPI: Core revision 20150930
[    1.752466] ACPI: 2 ACPI AML tables successfully acquired and loaded
[    1.773075] Security Framework initialized
[    1.829438] Yama: becoming mindful.
[    1.887887] AppArmor: AppArmor initialized
[    1.904539] Dentry cache hash table entries: 131072 (order: 8, 1048576 bytes)
[    1.919237] Inode-cache hash table entries: 65536 (order: 7, 524288 bytes)
[    1.953421] Mount-cache hash table entries: 2048 (order: 2, 16384 bytes)
[    1.956296] Mountpoint-cache hash table entries: 2048 (order: 2, 16384 bytes)
[    1.958246] Initializing cgroup subsys io
[    1.959409] Initializing cgroup subsys memory
[    1.984864] Initializing cgroup subsys devices
[    1.997984] Initializing cgroup subsys freezer
[    2.002704] Initializing cgroup subsys net_cls
[    2.017411] Initializing cgroup subsys perf_event
[    2.024230] Initializing cgroup subsys net_prio
[    2.025460] Initializing cgroup subsys hugetlb
[    2.042919] Initializing cgroup subsys pids
[    2.048912] CPU: Physical Processor ID: 0
[    2.075878] CPU: Processor Core ID: 0
[    2.077953] mce: CPU supports 0 MCE banks
[    2.084082] Last level iTLB entries: 4KB 64, 2MB 8, 4MB 8
[    2.093840] Last level dTLB entries: 4KB 64, 2MB 0, 4MB 0, 1GB 4
[    2.106619] Freeing SMP alternatives memory: 32K (ffffffff820b9000 - ffffffff820c1000)
[    2.118964] ftrace: allocating 32128 entries in 126 pages
[    2.197496] smpboot: APIC(0) Converting physical 0 to logical package 0
[    2.235684] smpboot: Max logical packages: 1
[    2.237556] x2apic enabled
[    2.240069] Switched APIC routing to physical x2apic.
[    2.243828] ..TIMER: vector=0x30 apic1=0 pin1=2 apic2=-1 pin2=-1
[    2.353691] smpboot: CPU0: Intel(R) Core(TM) i5-5250U CPU @ 1.60GHz (family: 0x6, model: 0x3d, stepping: 0x4)
[    2.356751] Performance Events: unsupported p6 CPU model 61 no PMU driver, software events only.
[    2.359433] KVM setup paravirtual spinlock
[    2.368495] x86: Booting SMP configuration:
[    2.387148] .... node  #0, CPUs:      #1
[    2.389315] kvm-clock: cpu 1, msr 0:3ffe3041, secondary cpu clock
[    2.402105] mce: CPU supports 0 MCE banks
[    2.432883] x86: Booted up 1 node, 2 CPUs
[    2.441238] smpboot: Total of 2 processors activated (6399.99 BogoMIPS)
[    2.445786] devtmpfs: initialized
[    2.454556] evm: security.selinux
[    2.472009] evm: security.SMACK64
[    2.479613] evm: security.SMACK64EXEC
[    2.497548] evm: security.SMACK64TRANSMUTE
[    2.520806] evm: security.SMACK64MMAP
[    2.548410] evm: security.ima
[    2.575426] evm: security.capability
[    2.593689] clocksource: jiffies: mask: 0xffffffff max_cycles: 0xffffffff, max_idle_ns: 7645041785100000 ns
[    2.644451] futex hash table entries: 512 (order: 3, 32768 bytes)
[    2.681735] pinctrl core: initialized pinctrl subsystem
[    2.716448] RTC time: 19:48:17, date: 07/31/17
[    2.730235] NET: Registered protocol family 16
[    2.766808] cpuidle: using governor ladder
[    2.802441] cpuidle: using governor menu
[    2.834446] PCCT header not found.
[    2.865290] ACPI: bus type PCI registered
[    2.888965] acpiphp: ACPI Hot Plug PCI Controller Driver version: 0.5
[    2.928743] PCI: Using configuration type 1 for base access
[    2.964562] ACPI: Added _OSI(Module Device)
[    2.983952] ACPI: Added _OSI(Processor Device)
[    3.000462] ACPI: Added _OSI(3.0 _SCP Extensions)
[    3.030544] ACPI: Added _OSI(Processor Aggregator Device)
[    3.041097] ACPI: Executed 1 blocks of module-level executable AML code
[    3.074501] ACPI: Interpreter enabled
[    3.096480] ACPI: (supports S0 S5)
[    3.130588] ACPI: Using IOAPIC for interrupt routing
[    3.172858] PCI: Using host bridge windows from ACPI; if necessary, use "pci=nocrs" and report a bug
[    3.248933] ACPI: PCI Root Bridge [PCI0] (domain 0000 [bus 00-ff])
[    3.296877] acpi PNP0A03:00: _OSC: OS supports [ASPM ClockPM Segments MSI]
[    3.321307] acpi PNP0A03:00: _OSC failed (AE_NOT_FOUND); disabling ASPM
[    3.355087] acpi PNP0A03:00: fail to add MMCONFIG information, can't access extended PCI configuration space under this bridge.
[    3.416659] PCI host bridge to bus 0000:00
[    3.446214] pci_bus 0000:00: root bus resource [io  0x0000-0x0cf7 window]
[    3.493885] pci_bus 0000:00: root bus resource [io  0x0d00-0xffff window]
[    3.522917] pci_bus 0000:00: root bus resource [mem 0x000a0000-0x000bffff window]
[    3.553649] pci_bus 0000:00: root bus resource [mem 0x40000000-0xffdfffff window]
[    3.597125] pci_bus 0000:00: root bus resource [bus 00-ff]
[    3.617405] pci 0000:00:01.1: legacy IDE quirk: reg 0x10: [io  0x01f0-0x01f7]
[    3.631547] pci 0000:00:01.1: legacy IDE quirk: reg 0x14: [io  0x03f6]
[    3.642434] pci 0000:00:01.1: legacy IDE quirk: reg 0x18: [io  0x0170-0x0177]
[    3.689450] pci 0000:00:01.1: legacy IDE quirk: reg 0x1c: [io  0x0376]
[    3.741170] pci 0000:00:07.0: quirk: [io  0x4000-0x403f] claimed by PIIX4 ACPI
[    3.794720] pci 0000:00:07.0: quirk: [io  0x4100-0x410f] claimed by PIIX4 SMB
[    3.879540] ACPI: PCI Interrupt Link [LNKA] (IRQs 5 9 10 *11)
[    3.917449] ACPI: PCI Interrupt Link [LNKB] (IRQs 5 9 10 *11)
[    3.929070] ACPI: PCI Interrupt Link [LNKC] (IRQs 5 9 *10 11)
[    3.944453] ACPI: PCI Interrupt Link [LNKD] (IRQs 5 *9 10 11)
[    3.957701] ACPI: Enabled 2 GPEs in block 00 to 07
[    3.962755] vgaarb: setting as boot device: PCI:0000:00:02.0
[    3.991336] vgaarb: device added: PCI:0000:00:02.0,decodes=io+mem,owns=io+mem,locks=none
[    4.019634] vgaarb: loaded
[    4.074139] vgaarb: bridge control possible 0000:00:02.0
[    4.095827] SCSI subsystem initialized
[    4.144377] ACPI: bus type USB registered
[    4.156682] usbcore: registered new interface driver usbfs
[    4.162029] usbcore: registered new interface driver hub
[    4.174570] usbcore: registered new device driver usb
[    4.179458] PCI: Using ACPI for IRQ routing
[    4.187593] NetLabel: Initializing
[    4.190096] NetLabel:  domain hash size = 128
[    4.198157] NetLabel:  protocols = UNLABELED CIPSOv4
[    4.202503] NetLabel:  unlabeled traffic allowed by default
[    4.208788] amd_nb: Cannot enumerate AMD northbridges
[    4.213463] clocksource: Switched to clocksource kvm-clock
[    4.231643] AppArmor: AppArmor Filesystem Enabled
[    4.244942] pnp: PnP ACPI init
[    4.256854] pnp: PnP ACPI: found 3 devices
[    4.289709] clocksource: acpi_pm: mask: 0xffffff max_cycles: 0xffffff, max_idle_ns: 2085701024 ns
[    4.301439] NET: Registered protocol family 2
[    4.309577] TCP established hash table entries: 8192 (order: 4, 65536 bytes)
[    4.316298] TCP bind hash table entries: 8192 (order: 5, 131072 bytes)
[    4.319400] TCP: Hash tables configured (established 8192 bind 8192)
[    4.330976] UDP hash table entries: 512 (order: 2, 16384 bytes)
[    4.335144] UDP-Lite hash table entries: 512 (order: 2, 16384 bytes)
[    4.339016] NET: Registered protocol family 1
[    4.340804] pci 0000:00:00.0: Limiting direct PCI/PCI transfers
[    4.349996] pci 0000:00:01.0: Activating ISA DMA hang workarounds
[    4.359319] Unpacking initramfs...
[    6.774092] Freeing initrd memory: 10836K (ffff880036ac6000 - ffff88003755b000)
[    6.815701] RAPL PMU detected, API unit is 2^-32 Joules, 4 fixed counters 10737418240 ms ovfl timer
[    6.852135] hw unit of domain pp0-core 2^-0 Joules
[    6.863089] hw unit of domain package 2^-0 Joules
[    6.882688] hw unit of domain dram 2^-0 Joules
[    6.896921] hw unit of domain pp1-gpu 2^-0 Joules
[    6.904106] platform rtc_cmos: registered platform RTC device (no PNP device found)
[    6.912329] Scanning for low memory corruption every 60 seconds
[    6.948971] audit: initializing netlink subsys (disabled)
[    6.993861] audit: type=2000 audit(1501530504.282:1): initialized
[    7.001544] Initialise system trusted keyring
[    7.003905] HugeTLB registered 2 MB page size, pre-allocated 0 pages
[    7.021117] zbud: loaded
[    7.022675] VFS: Disk quotas dquot_6.6.0
[    7.023939] VFS: Dquot-cache hash table entries: 512 (order 0, 4096 bytes)
[    7.026090] squashfs: version 4.0 (2009/01/31) Phillip Lougher
[    7.031214] fuse init (API version 7.23)
[    7.034624] Key type big_key registered
[    7.038249] Allocating IMA MOK and blacklist keyrings.
[    7.042888] Key type asymmetric registered
[    7.047286] Asymmetric key parser 'x509' registered
[    7.048642] Block layer SCSI generic (bsg) driver version 0.4 loaded (major 249)
[    7.074697] io scheduler noop registered
[    7.075948] io scheduler deadline registered (default)
[    7.083626] io scheduler cfq registered
[    7.118535] pci_hotplug: PCI Hot Plug PCI Core version: 0.5
[    7.150288] pciehp: PCI Express Hot Plug Controller Driver version: 0.4
[    7.155966] ACPI: AC Adapter [AC] (off-line)
[    7.178849] input: Power Button as /devices/LNXSYSTM:00/LNXPWRBN:00/input/input0
[    7.207304] ACPI: Power Button [PWRF]
[    7.208447] input: Sleep Button as /devices/LNXSYSTM:00/LNXSLPBN:00/input/input1
[    7.225835] ACPI: Sleep Button [SLPF]
[    7.232876] GHES: HEST is not enabled!
[    7.233927] ACPI: Battery Slot [BAT0] (battery present)
[    7.245167] Serial: 8250/16550 driver, 32 ports, IRQ sharing enabled
[    7.322216] 00:02: ttyS0 at I/O 0x3f8 (irq = 4, base_baud = 115200) is a 16550A
[    7.366353] Linux agpgart interface v0.103
[    7.375347] loop: module loaded
[    7.381574] scsi host0: ata_piix
[    7.396973] scsi host1: ata_piix
[    7.421559] ata1: PATA max UDMA/33 cmd 0x1f0 ctl 0x3f6 bmdma 0xd000 irq 14
[    7.480641] ata2: PATA max UDMA/33 cmd 0x170 ctl 0x376 bmdma 0xd008 irq 15
[    7.563026] libphy: Fixed MDIO Bus: probed
[    7.610808] tun: Universal TUN/TAP device driver, 1.6
[    7.616781] tun: (C) 1999-2004 Max Krasnyansky <maxk@qualcomm.com>
[    7.618776] PPP generic driver version 2.4.2
[    7.642771] ehci_hcd: USB 2.0 'Enhanced' Host Controller (EHCI) Driver
[    7.672376] ehci-pci: EHCI PCI platform driver
[    7.694727] ehci-platform: EHCI generic platform driver
[    7.696149] ohci_hcd: USB 1.1 'Open' Host Controller (OHCI) Driver
[    7.697767] ohci-pci: OHCI PCI platform driver
[    7.716378] ohci-platform: OHCI generic platform driver
[    7.765681] uhci_hcd: USB Universal Host Controller Interface driver
[    7.792508] i8042: PNP: PS/2 Controller [PNP0303:PS2K,PNP0f03:PS2M] at 0x60,0x64 irq 1,12
[    7.815896] serio: i8042 KBD port at 0x60,0x64 irq 1
[    7.822920] serio: i8042 AUX port at 0x60,0x64 irq 12
[    7.824517] mousedev: PS/2 mouse device common for all mice
[    7.874724] rtc_cmos rtc_cmos: rtc core: registered rtc_cmos as rtc0
[    7.892133] rtc_cmos rtc_cmos: alarms up to one day, 114 bytes nvram
[    7.901736] tsc: Refined TSC clocksource calibration: 1599.715 MHz
[    7.901738] clocksource: tsc: mask: 0xffffffffffffffff max_cycles: 0x170f17b2af1, max_idle_ns: 440795208933 ns
[    7.976069] i2c /dev entries driver
[    7.996491] input: AT Translated Set 2 keyboard as /devices/platform/i8042/serio0/input/input2
[    7.996775] device-mapper: uevent: version 1.0.3
[    8.067741] device-mapper: ioctl: 4.34.0-ioctl (2015-10-28) initialised: dm-devel@redhat.com
[    8.111202] ledtrig-cpu: registered to indicate activity on CPUs
[    8.134566] NET: Registered protocol family 10
[    8.188181] NET: Registered protocol family 17
[    8.226310] Key type dns_resolver registered
[    8.248361] microcode: CPU0 sig=0x306d4, pf=0x40, revision=0x0
[    8.286793] microcode: CPU1 sig=0x306d4, pf=0x40, revision=0x0
[    8.296124] microcode: Microcode Update Driver: v2.01 <tigran@aivazian.fsnet.co.uk>, Peter Oruba
[    8.372579] registered taskstats version 1
[    8.413381] Loading compiled-in X.509 certificates
[    8.465175] Loaded X.509 cert 'Build time autogenerated kernel key: 713bc24ccc5bf0d11d706d6f5bf7187ed23f7b25'
[    8.513557] zswap: loaded using pool lzo/zbud
[    8.536287] Key type trusted registered
[    8.542199] Key type encrypted registered
[    8.554257] AppArmor: AppArmor sha1 policy hashing enabled
[    8.568717] ima: No TPM chip found, activating TPM-bypass!
[    8.583910] evm: HMAC attrs: 0x1
[    8.599578]   Magic number: 9:141:851
[    8.610196]  index3: hash matches
[    8.630117]  index3: hash matches
[    8.643413] rtc_cmos rtc_cmos: setting system clock to 2017-07-31 19:48:23 UTC (1501530503)
[    8.759792] BIOS EDD facility v0.16 2004-Jun-25, 0 devices found
[    8.761353] EDD information not available.
[    8.787999] Freeing unused kernel memory: 1488K (ffffffff81f45000 - ffffffff820b9000)
[    8.820582] Write protecting the kernel read-only data: 14336k
[    8.822950] Freeing unused kernel memory: 1756K (ffff880001849000 - ffff880001a00000)
[    8.831420] Freeing unused kernel memory: 112K (ffff880001de4000 - ffff880001e00000)
Loading, please wait...
starting version[    8.901854] random: systemd-udevd: uninitialized urandom read (16 bytes read, 7 bits of entropy available)
 229
[    8.902532] random: udevadm: uninitialized urandom read (16 bytes read, 7 bits of entropy available)
[    8.902571] random: udevadm: uninitialized urandom read (16 bytes read, 7 bits of entropy available)
[    8.902687] random: udevadm: uninitialized urandom read (16 bytes read, 7 bits of entropy available)
[    8.902732] random: udevadm: uninitialized urandom read (16 bytes read, 7 bits of entropy available)
[    8.902771] random: udevadm: uninitialized urandom read (16 bytes read, 7 bits of entropy available)
[    8.902866] random: udevadm: uninitialized urandom read (16 bytes read, 7 bits of entropy available)
[    8.902908] random: udevadm: uninitialized urandom read (16 bytes read, 7 bits of entropy available)
[    8.902948] random: udevadm: uninitialized urandom read (16 bytes read, 7 bits of entropy available)
[    8.902986] random: udevadm: uninitialized urandom read (16 bytes read, 7 bits of entropy available)
[    9.617169] e1000: Intel(R) PRO/1000 Network Driver - version 7.3.21-k8-NAPI
[    9.642740] e1000: Copyright (c) 1999-2006 Intel Corporation.
[    9.652379] Fusion MPT base driver 3.04.20
[    9.662717] Copyright (c) 1999-2008 LSI Corporation
[    9.674826] Fusion MPT SPI Host driver 3.04.20
[    9.686037] mptbase: ioc0: Initiating bringup
[    9.713297] AVX version of gcm_enc/dec engaged.
[    9.720454] AES CTR mode by8 optimization enabled
[    9.781889] ioc0: LSI53C1030 A0: Capabilities={Initiator}
[    9.911647] input: ImExPS/2 Generic Explorer Mouse as /devices/platform/i8042/serio1/input/input4
[   10.009125] scsi host2: ioc0: LSI53C1030 A0, FwRev=00000000h, Ports=1, MaxQ=256, IRQ=20
[   10.122549] scsi 2:0:0:0: Direct-Access     VBOX     HARDDISK         1.0  PQ: 0 ANSI: 5
[   10.151370] scsi target2:0:0: Beginning Domain Validation
[   10.179005] scsi target2:0:0: Domain Validation skipping write tests
[   10.249681] scsi target2:0:0: Ending Domain Validation
[   10.288215] scsi target2:0:0: asynchronous
[   10.300352] scsi 2:0:1:0: Direct-Access     VBOX     HARDDISK         1.0  PQ: 0 ANSI: 5
[   10.308139] scsi target2:0:1: Beginning Domain Validation
[   10.315984] scsi target2:0:1: Domain Validation skipping write tests
[   10.322523] scsi target2:0:1: Ending Domain Validation
[   10.326074] scsi target2:0:1: asynchronous
[   10.359152] sd 2:0:0:0: [sda] 20971520 512-byte logical blocks: (10.7 GB/10.0 GiB)
[   10.380902] sd 2:0:0:0: Attached scsi generic sg0 type 0
[   10.396625] sd 2:0:0:0: [sda] Write Protect is off
[   10.406207] sd 2:0:0:0: [sda] Incomplete mode parameter data
[   10.415573] sd 2:0:0:0: [sda] Assuming drive cache: write through
[   10.420958] sd 2:0:1:0: [sdb] 20480 512-byte logical blocks: (10.5 MB/10.0 MiB)
[   10.425917] sd 2:0:1:0: [sdb] Write Protect is off
[   10.428569] sd 2:0:1:0: [sdb] Incomplete mode parameter data
[   10.437261] sd 2:0:1:0: [sdb] Assuming drive cache: write through
[   10.440662] sd 2:0:1:0: Attached scsi generic sg1 type 0
[   10.446607]  sda: sda1
[   10.449664] sd 2:0:0:0: [sda] Attached SCSI disk
[   10.459390] sd 2:0:1:0: [sdb] Attached SCSI disk
[   10.579471] e1000 0000:00:03.0 eth0: (PCI:33MHz:32-bit) 02:0a:02:a5:4f:74
[   10.595397] e1000 0000:00:03.0 eth0: Intel(R) PRO/1000 Network Connection
[   11.021756] e1000 0000:00:08.0 eth1: (PCI:33MHz:32-bit) 08:00:27:f9:a1:41
[   11.029849] e1000 0000:00:08.0 eth1: Intel(R) PRO/1000 Network Connection
[   11.072179] e1000 0000:00:08.0 enp0s8: renamed from eth1
[   11.122110] e1000 0000:00:03.0 enp0s3: renamed from eth0
[   12.654287] floppy0: no floppy controllers found
Begin: Loading e[   14.078628] md: linear personality registered for level -1
ssential drivers[   14.116709] md: multipath personality registered for level -4
 ... [   14.133013] md: raid0 personality registered for level 0
[   14.182889] md: raid1 personality registered for level 1
[   14.325637] raid6: sse2x1   gen()  7593 MB/s
[   14.429566] raid6: sse2x1   xor()  5626 MB/s
[   14.537962] raid6: sse2x2   gen()  8798 MB/s
[   14.641713] raid6: sse2x2   xor()  6450 MB/s
[   14.729595] raid6: sse2x4   gen() 10026 MB/s
[   14.829631] raid6: sse2x4   xor()  4849 MB/s
[   14.834967] raid6: using algorithm sse2x4 gen() 10026 MB/s
[   14.836497] raid6: .... xor() 4849 MB/s, rmw enabled
[   14.838159] raid6: using ssse3x2 recovery algorithm
[   14.842849] xor: automatically using best checksumming function:
[   14.925854]    avx       : 16366.000 MB/sec
[   14.949328] async_tx: api initialized (async)
[   14.963108] md: raid6 personality registered for level 6
[   15.008809] md: raid5 personality registered for level 5
[   15.072117] md: raid4 personality registered for level 4
[   15.180579] md: raid10 personality registered for level 10
done.
Begin: Running /scripts/init-premount ... done.
Begin: Mounting root file system ... Begin: Running /scripts/local-top ... done.
Begin: Running /scripts/local-premount[   15.256728] Btrfs loaded
 ... Scanning for Btrfs filesystems
done.
Warning: fsck no[   15.350345] EXT4-fs (sda1): INFO: recovery required on readonly filesystem
t present, so sk[   15.382893] EXT4-fs (sda1): write access will be enabled during recovery
ipping root file system
[   15.836135] EXT4-fs (sda1): recovery complete
[   15.841991] EXT4-fs (sda1): mounted filesystem with ordered data mode. Opts: (null)
done.
Begin: Running /scripts/local-bottom ... done.
Begin: Running /scripts/init-bottom ... done.
[   16.098749] systemd[1]: systemd 229 running in system mode. (+PAM +AUDIT +SELINUX +IMA +APPARMOR +SMACK +SYSVINIT +UTMP +LIBCRYPTSETUP +GCRYPT +GNUTLS +ACL +XZ -LZ4 +SECCOMP +BLKID +ELFUTILS +KMOD -IDN)
[   16.248210] systemd[1]: Detected virtualization oracle.
[   16.286527] systemd[1]: Detected architecture x86-64.

Welcome to [1mUbuntu 16.04.2 LTS[0m!

[   16.328078] systemd[1]: Set hostname to <ubuntu-xenial>.
[   16.577104] random: nonblocking pool is initialized
[   17.112931] systemd[1]: Listening on LVM2 metadata daemon socket.
[[0;32m  OK  [0m] Listening on LVM2 metadata daemon socket.
[   17.186621] systemd[1]: Listening on Journal Audit Socket.
[[0;32m  OK  [0m] Listening on Journal Audit Socket.
[   17.250580] systemd[1]: Set up automount Arbitrary Executable File Formats File System Automount Point.
[[0;32m  OK  [0m] Set up automount Arbitrary Executab...ats File System Automount Point.
[   17.352184] systemd[1]: Started Forward Password Requests to Wall Directory Watch.
[[0;32m  OK  [0m] Started Forward Password Requests to Wall Directory Watch.
[   17.462216] systemd[1]: Listening on Journal Socket.
[[0;32m  OK  [0m] Listening on Journal Socket.
[   17.531361] systemd[1]: Created slice User and Session Slice.
[[0;32m  OK  [0m] Created slice User and Session Slice.
[   17.642048] systemd[1]: Listening on LVM2 poll daemon socket.
[[0;32m  OK  [0m] Listening on LVM2 poll daemon socket.
[   17.765979] systemd[1]: Reached target Swap.
[[0;32m  OK  [0m] Reached target Swap.
[   17.814980] systemd[1]: Reached target Encrypted Volumes.
[[0;32m  OK  [0m] Reached target Encrypted Volumes.
[   17.862404] systemd[1]: Reached target User and Group Name Lookups.
[[0;32m  OK  [0m] Reached target User and Group Name Lookups.
[   17.930290] systemd[1]: Listening on /dev/initctl Compatibility Named Pipe.
[[0;32m  OK  [0m] Listening on /dev/initctl Compatibility Named Pipe.
[   18.054206] systemd[1]: Listening on Journal Socket (/dev/log).
[[0;32m  OK  [0m] Listening on Journal Socket (/dev/log).
[   18.102805] systemd[1]: Started Trigger resolvconf update for networkd DNS.
[[0;32m  OK  [0m] Started Trigger resolvconf update for networkd DNS.
[   18.191022] systemd[1]: Listening on Device-mapper event daemon FIFOs.
[[0;32m  OK  [0m] Listening on Device-mapper event daemon FIFOs.
[   18.227091] systemd[1]: Listening on Syslog Socket.
[[0;32m  OK  [0m] Listening on Syslog Socket.
[   18.306161] systemd[1]: Listening on udev Control Socket.
[[0;32m  OK  [0m] Listening on udev Control Socket.
[   18.327188] systemd[1]: Created slice System Slice.
[[0;32m  OK  [0m] Created slice System Slice.
[   18.374561] systemd[1]: Starting Set console keymap...
         Starting Set console keymap...
[   18.465657] systemd[1]: Mounting Debug File System...
         Mounting Debug File System...
[   18.518410] systemd[1]: Mounting POSIX Message Queue File System...
         Mounting POSIX Message Queue File System...
[   18.638366] systemd[1]: Starting Load Kernel Modules...
         Startin[   18.655828] Loading iSCSI transport class v2.0-870.
g Load Kernel Modules...
[   18.729876] systemd[1]: Reached target Slices.
[   18.739050] iscsi: registered transport (tcp)
[[0;32m  OK  [0m] Reached target Slices.
[   18.822058] systemd[1]: Starting Uncomplicated firewall...
         Starting Uncomplicated firewall...
[   18.845329] systemd[1]: Mounting Huge Pages File System...
[   18.848221] iscsi: registered transport (iser)
         Mounting Huge Pages File System...
[   18.882827] systemd[1]: Created slice system-serial\x2dgetty.slice.
[[0;32m  OK  [0m] Created slice system-serial\x2dgetty.slice.
[   18.978480] systemd[1]: Starting Remount Root and Kernel File Systems...
[   18.988096] EXT4-fs (sda1): re-mounted. Opts: (null)
         Starting Remount Root and Kernel File Systems...
[   19.150012] systemd[1]: Starting Monitoring of LVM2 mirrors, snapshots etc. using dmeventd or progress polling...
         Starting Monitoring of LVM2 mirrors... dmeventd or progress polling...
[   19.230155] systemd[1]: Listening on udev Kernel Socket.
[[0;32m  OK  [0m] Listening on udev Kernel Socket.
[   19.285868] systemd[1]: Starting Create list of required static device nodes for the current kernel...
         Starting Create list of required st... nodes for the current kernel...
[   19.352149] systemd[1]: Starting Nameserver information manager...
         Starting Nameserver information manager...
[   19.426110] systemd[1]: Starting Journal Service...
         Starting Journal Service...
[   19.467472] systemd[1]: Mounted Huge Pages File System.
[[0;32m  OK  [0m] Mounted Huge Pages File System.
[   19.526007] systemd[1]: Mounted POSIX Message Queue File System.
[[0;32m  OK  [0m] Mounted POSIX Message Queue File System.
[   19.622034] systemd[1]: Mounted Debug File System.
[[0;32m  OK  [0m] Mounted Debug File System.
[   19.682580] systemd[1]: Started Journal Service.
[[0;32m  OK  [0m] Started Journal Service.
[[0;32m  OK  [0m] Started Set console keymap.
[[0;32m  OK  [0m] Started Load Kernel Modules.
[[0;32m  OK  [0m] Started Uncomplicated firewall.
[[0;32m  OK  [0m] Started Remount Root and Kernel File Systems.
[[0;32m  OK  [0m] Started Create list of required sta...ce nodes for the current kernel.
[[0;32m  OK  [0m] Started Nameserver information manager.
[[0;32m  OK  [0m] Started LVM2 metadata daemon.
         Starting Create Static Device Nodes in /dev...
         Starting udev Coldplug all Devices...
         Starting Initial cloud-init job (pre-networking)...
         Starting Load/Save Random Seed...
         Mounting FUSE Control File System...
         Starting Apply Kernel Variables...
         Starting Flush Journal to Persistent Storage...
[[0;32m  OK  [0m] Mounted FUSE Control File System.
[[0;32m  OK  [0m] Started Create Static Device Nodes in /dev.
[[0;32m  OK  [0m] Started Monitoring of LVM2 mirrors,...ng dmeventd or progress polling.
[[0;32m  OK  [0m] Started Load/Save Random Seed.
[[0;32m  OK  [0m] Started Apply Kernel Variables.
[[0;32m  OK  [0m] Started udev Coldplug all Devices.
         Starting udev Kernel Device Manager...
[[0;32m  OK  [0m] Started Flush Journal to Persistent Storage.
[[0;32m  OK  [0m] Started udev Kernel Device Manager.
[[0;32m  OK  [0m] Started Dispatch Password Requests to Console Directory Watch.
[[0;32m  OK  [0m] Reached target Local File Systems (Pre).
[[0;32m  OK  [0m] Reached target Local File Systems.
         Starting LSB: AppArmor initialization...
         Starting Set console font and keymap...
         Starting Tell Plymouth To Write Out Runtime Data...
         Starting Create Volatile Files and Directories...
[[0;32m  OK  [0m] Started Tell Plymouth To Write Out Runtime Data.
[[0;32m  OK  [0m] Started Create Volatile Files and Directories.
[[0;32m  OK  [0m] Found device /dev/ttyS0.
         Starting Update UTMP about System Boot/Shutdown...
[[0;32m  OK  [0m] Reached target System Time Synchronized.
[[0;32m  OK  [0m] Started Update UTMP about System Boot/Shutdown.
[[0;32m  OK  [0m] Found device 82540EM Gigabit Ethern...r (PRO/1000 MT Desktop Adapter).
[[0;32m  OK  [0m] Found device 82540EM Gigabit Ethern...r (PRO/1000 MT Desktop Adapter).
[[0;32m  OK  [0m] Started LSB: AppArmor initialization.
[[0;1;31mFAILED[0m] Failed to start Set console font and keymap.
See 'systemctl status console-setup.service' for details.
[[0;32m  OK  [0m] Listening on Load/Save RF Kill Switch Status /dev/rfkill Watch.
[[0;32m  OK  [0m] Created slice system-getty.slice.
[   19.201320] cloud-init[451]: Cloud-init v. 0.7.9 running 'init-local' at Mon, 31 Jul 2017 19:48:37 +0000. Up 18.57 seconds.
[[0;32m  OK  [0m] Started Initial cloud-init job (pre-networking).
[[0;32m  OK  [0m] Reached target Network (Pre).
[[0;32m  OK  [0m] Started ifup for enp0s8.
[[0;32m  OK  [0m] Started ifup for enp0s3.
         Starting Raise network interfaces...
[[0;32m  OK  [0m] Started Raise network interfaces.
         Starting Initial cloud-init job (metadata service crawler)...
[[0;32m  OK  [0m] Reached target Network.
[   21.240656] cloud-init[1021]: Cloud-init v. 0.7.9 running 'init' at Mon, 31 Jul 2017 19:48:39 +0000. Up 20.76 seconds.
[   21.280485] cloud-init[1021]: ci-info: ++++++++++++++++++++++++++++++++++++++Net device info++++++++++++++++++++++++++++++++++++++
[   21.340809] cloud-init[1021]: ci-info: +--------+------+-----------------------------+---------------+-------+-------------------+
[   21.341223] cloud-init[1021]: ci-info: | Device |  Up  |           Address           |      Mask     | Scope |     Hw-Address    |
[[0;32m  OK  [0m] Started Initial cloud-init job (metadata service crawler).
[   21.341437] cloud-init[1021]: ci-info: +--------+------+-----------------------------+---------------+-------+-------------------+
[   21.465037] cloud-init[1021]: ci-info: | enp0s3 | True |          10.0.2.15          | 255.255.255.0 |   .   | 02:0a:02:a5:4f:74 |
[   21.465877] cloud-init[1021]: ci-info: | enp0s3 | True |   fe80::a:2ff:fea5:4f74/64  |       .       |  link | 02:0a:02:a5:4f:74 |
[[0;32m  OK  [0m] Reached target System Initialization.
[   21.466380] cloud-init[1021]: ci-info: | enp0s8 | True |        192.168.10.100       | 255.255.255.0 |   .   | 08:00:27:f9:a1:41 |
[   21.636936] cloud-init[1021]: ci-info: | enp0s8 | True | fe80::a00:27ff:fef9:a141/64 |       .       |  link | 08:00:27:f9:a1:41 |
[   21.637640] cloud-init[1021]: ci-info: |   lo   | True |          127.0.0.1          |   255.0.0.0   |   .   |         .         |
[[0;32m  OK  [0m] Started Timer to automatically refresh installed snaps.
[[   21.637971] cloud-init[1021]: ci-info: |   lo   | True |           ::1/128           |       .       |  host |         .         |
[   21.793454] cloud-init[1021]: ci-info: +--------+------+-----------------------------+---------------+-------+-------------------+
[   21.793799] [0;32m  OK  [0mcloud-init] [1021]: Listening on D-Bus System Message Bus Socket.ci-info: ++++++++++++++++++++++++++++Route IPv4 info++++++++++++++++++++++++++++

[   22.008560] cloud-init[1021]: ci-info: +-------+--------------+----------+---------------+-----------+-------+
[   22.009330] cloud-init[1021]: ci-info: | Route | Destination  | Gateway  |    Genmask    | Interface | Flags |
         Starting Socket activation for snappy daemon.
[   22.009660] cloud-init[1021]: ci-info: +-------+--------------+----------+---------------+-----------+-------+
[[0;32m  OK  [0m] Started Daily apt activities.
[   22.146315] cloud-init[1021]: ci-info: |   0   |   0.0.0.0    | 10.0.2.2 |    0.0.0.0    |   enp0s3  |   UG  |
[   22.272522] cloud-init[1021]: ci-info: |   1   |   10.0.2.0   | 0.0.0.0  | 255.255.255.0 |   enp0s3  |   U   |
[   22.273383] [cloud-init[0;32m  OK  [0m[1021]: ci-info: |   2   | 192.168.10.0 | 0.0.0.0  | 255.255.255.0 |   enp0s8  |   U   |
] Listening on ACPID Listen Socket.
[   22.273743] cloud-init[1021]: ci-info: +-------+--------------+----------+---------------+-----------+-------+
[[0;32m  OK  [0m] Started ACPI Events Check.
[[0;32m  OK  [0m] Reached target Paths.
         Starting LXD - unix socket.
[[0;32m  OK  [0m] Listening on UUID daemon activation socket.
[[0;32m  OK  [0m] Started Daily Cleanup of Temporary Directories.
[[0;32m  OK  [0m] Reached target Timers.
[[0;32m  OK  [0m] Reached target Network is Online.
         Starting iSCSI initiator daemon (iscsid)...
[[0;32m  OK  [0m] Reached target Cloud-config availability.
[[0;32m  OK  [0m] Listening on Socket activation for snappy daemon.
[[0;32m  OK  [0m] Listening on LXD - unix socket.
[[0;32m  OK  [0m] Reached target Sockets.
[[0;32m  OK  [0m] Reached target Basic System.
         Starting Accounts Service...
[[0;32m  OK  [0m] Started Unattended Upgrades Shutdown.
         Starting LXD - container startup/shutdown...
         Starting LSB: Record successful boot for GRUB...
         Starting LSB: MD monitoring daemon...
[[0;32m  OK  [0m] Started Deferred execution scheduler.
         Starting Login Service...
         Starting System Logging Service...
[[0;32m  OK  [0m] Started ACPI event daemon.
         Starting /etc/rc.local Compatibility...
         Starting Apply the settings specified in cloud-config...
[[0;32m  OK  [0m] Started D-Bus System Message Bus.
[[0;32m  OK  [0m] Started Regular background program processing daemon.
         Starting A high performance web server and a reverse proxy server...
         Starting OpenBSD Secure Shell server...
[[0;32m  OK  [0m] Started FUSE filesystem for LXC.
[[0;32m  OK  [0m] Started Snappy daemon.
         Starting Auto import assertions from block devices...
[[0;32m  OK  [0m] Started System Logging Service.
[[0;32m  OK  [0m] Started OpenBSD Secure Shell server.
[[0;32m  OK  [0m] Started iSCSI initiator daemon (iscsid).
[[0;32m  OK  [0m] Started LXD - container startup/shutdown.
[[0;32m  OK  [0m] Started /etc/rc.local Compatibility.
[[0;32m  OK  [0m] Started Auto import assertions from block devices.
[[0;32m  OK  [0m] Started LSB: Record successful boot for GRUB.
[[0;32m  OK  [0m] Started LSB: MD monitoring daemon.
[[0;32m  OK  [0m] Started A high performance web server and a reverse proxy server.
[[0;32m  OK  [0m] Started Login Service.
         Starting Authenticate and Authorize Users to Run Privileged Tasks...
         Starting Login to default iSCSI targets...
[[0;32m  OK  [0m] Started Authenticate and Authorize Users to Run Privileged Tasks.
[[0;32m  OK  [0m] Started Login to default iSCSI targets.
[[0;32m  OK  [0m] Started Accounts Service.
[[0;32m  OK  [0m] Reached target Remote File Systems (Pre).
[[0;32m  OK  [0m] Reached target Remote File Systems.
         Starting LSB: daemon to balance interrupts for SMP systems...
         Starting LSB: automatic crash report generation...
         Starting Permit User Sessions...
         Starting LSB: Set the CPU Frequency Scaling governor to "ondemand"...
         Starting LSB: VirtualBox Linux Additions...
[[0;32m  OK  [0m] Started Permit User Sessions.
[[0;32m  OK  [0m] Created slice User Slice of ubuntu.
[[0;32m  OK  [0m] Started Session 1 of user ubuntu.
         Starting User Manager for UID 1000...
         Starting Hold until boot process finishes up...
         Starting Terminate Plymouth Boot Screen...
[[0;32m  OK  [0m] Started LSB: daemon to balance interrupts for SMP systems.
[[0;32m  OK  [0m] Started LSB: automatic crash report generation.
[[0;32m  OK  [0m] Started LSB: Set the CPU Frequency Scaling governor to "ondemand".
[[0;32m  OK  [0m] Started Hold until boot process finishes up.
[[0;32m  OK  [0m] Started LSB: VirtualBox Linux Additions.
[[0;32m  OK  [0m] Started Terminate Plymouth Boot Screen.
[[0;32m  OK  [0m] Started User Manager for UID 1000.
[[0;32m  OK  [0m] Started Serial Getty on ttyS0.
[   24.318491] cloud-init[1111]: Cloud-init v. 0.7.9 running 'modules:config' at Mon, 31 Jul 2017 19:48:42 +0000. Up 24.18 seconds.
[[0;32m  OK  [0m] Started Getty on tty1.
[[0;32m  OK  [0m] Reached target Login Prompts.
         Starting Set console scheme...
[[0;32m  OK  [0m] Reached target Multi-User System.
[[0;32m  OK  [0m] Reached target Graphical Interface.
         Starting Update UTMP about System Runlevel Changes...
[[0;32m  OK  [0m] Started Apply the settings specified in cloud-config.
[[0;32m  OK  [0m] Started Set console scheme.
[[0;32m  OK  [0m] Started Update UTMP about System Runlevel Changes.
         Starting Execute cloud user/final scripts...
[   25.522420] cloud-init[1277]: Cloud-init v. 0.7.9 running 'modules:final' at Mon, 31 Jul 2017 19:48:43 +0000. Up 25.34 seconds.
[   25.564612] cloud-init[1277]: Cloud-init v. 0.7.9 finished at Mon, 31 Jul 2017 19:48:44 +0000. Datasource DataSourceNoCloud [seed=/dev/sdb][dsmode=net].  Up 25.51 seconds
[[0;32m  OK  [0m] Started Execute cloud user/final scripts.
[[0;32m  OK  [0m] Reached target Cloud-init target.

Ubuntu 16.04.2 LTS ubuntu-xenial ttyS0

ubuntu-xenial login: 